\BOOKMARK [0][-]{pretexto.0}{\376\377\000E\000l\000e\000m\000e\000n\000t\000o\000s\000\040\000P\000r\000\351\000-\000T\000e\000x\000t\000u\000a\000i\000s}{}% 1
\BOOKMARK [1][-]{pretexto.1.1}{\376\377\000C\000a\000p\000a}{pretexto.0}% 2
\BOOKMARK [1][-]{pretexto.3.1}{\376\377\000P\000u\000b\000l\000i\000c\000a\000\347\000\343\000o}{pretexto.0}% 3
\BOOKMARK [1][-]{pretexto.4.1}{\376\377\000F\000o\000l\000h\000a\000\040\000d\000e\000\040\000R\000o\000s\000t\000o}{pretexto.0}% 4
\BOOKMARK [1][-]{pretexto.7.1}{\376\377\000A\000p\000r\000o\000v\000a\000\347\000\343\000o}{pretexto.0}% 5
\BOOKMARK [1][-]{pretexto.8.1}{\376\377\000D\000i\000r\000e\000i\000t\000o\000s\000\040\000A\000u\000t\000o\000r\000a\000i\000s}{pretexto.0}% 6
\BOOKMARK [1][-]{pretexto.11.1}{\376\377\000E\000p\000\355\000g\000r\000a\000f\000e}{pretexto.0}% 7
\BOOKMARK [1][-]{pretexto.12.1}{\376\377\000R\000e\000s\000u\000m\000o}{pretexto.0}% 8
\BOOKMARK [1][-]{pretexto.13.1}{\376\377\000A\000b\000s\000t\000r\000a\000c\000t}{pretexto.0}% 9
\BOOKMARK [0][-]{sumario.0}{\376\377\000S\000u\000m\000\341\000r\000i\000o}{}% 10
\BOOKMARK [0][-]{section*.10}{\376\377\000L\000i\000s\000t\000a\000\040\000d\000e\000\040\000F\000i\000g\000u\000r\000a\000s}{}% 11
\BOOKMARK [0][-]{section*.11}{\376\377\000L\000i\000s\000t\000a\000\040\000d\000e\000\040\000T\000a\000b\000e\000l\000a\000s}{}% 12
\BOOKMARK [0][-]{section*.13}{\376\377\000L\000i\000s\000t\000a\000\040\000d\000e\000\040\000A\000b\000r\000e\000v\000i\000a\000\347\000\365\000e\000s}{}% 13
\BOOKMARK [0][-]{section*.15}{\376\377\000L\000i\000s\000t\000a\000\040\000d\000e\000\040\000S\000\355\000m\000b\000o\000l\000o\000s}{}% 14
\BOOKMARK [0][-]{chapter.16}{\376\377\0001\000\040\000I\000n\000t\000r\000o\000d\000u\000\347\000\343\000o}{}% 15
\BOOKMARK [0][-]{chapter.17}{\376\377\0002\000\040\000M\000e\000t\000o\000d\000o\000l\000o\000g\000i\000a}{}% 16
\BOOKMARK [1][-]{section.19}{\376\377\0002\000.\0001\000\040\000C\000o\000n\000t\000r\000o\000l\000a\000d\000o\000r\000\040\000d\000e\000\040\000B\000a\000i\000x\000o\000\040\000N\000\355\000v\000e\000l}{chapter.17}% 17
\BOOKMARK [2][-]{subsection.20}{\376\377\0002\000.\0001\000.\0001\000\040\000G\000e\000r\000a\000d\000o\000r\000\040\000d\000e\000\040\000C\000i\000n\000e\000m\000\341\000t\000i\000c\000a}{section.19}% 18
\BOOKMARK [2][-]{subsection.27}{\376\377\0002\000.\0001\000.\0002\000\040\000G\000e\000r\000a\000d\000o\000r\000\040\000d\000e\000\040\000T\000r\000a\000j\000e\000t\000\363\000r\000i\000a\000\040\000d\000o\000\040\000C\000o\000M}{section.19}% 19
\BOOKMARK [3][-]{subsubsection.29}{\376\377\0002\000.\0001\000.\0002\000.\0001\000\040\000F\000u\000n\000\347\000\343\000o\000\040\000d\000e\000\040\000t\000r\000a\000j\000e\000t\000\363\000r\000i\000a\000\040\000b\000a\000s\000e\000a\000d\000a\000\040\000n\000o\000\040\000Z\000M\000P}{subsection.27}% 20
\BOOKMARK [3][-]{subsubsection.35}{\376\377\0002\000.\0001\000.\0002\000.\0002\000\040\000F\000u\000n\000\347\000\343\000o\000\040\000d\000e\000\040\000t\000r\000a\000j\000e\000t\000\363\000r\000i\000a\000\040\000p\000r\000o\000p\000o\000s\000t\000a}{subsection.27}% 21
\BOOKMARK [2][-]{subsection.41}{\376\377\0002\000.\0001\000.\0003\000\040\000F\000u\000n\000\347\000\343\000o\000\040\000d\000e\000\040\000R\000o\000t\000a\000\347\000\343\000o}{section.19}% 22
\BOOKMARK [2][-]{subsection.45}{\376\377\0002\000.\0001\000.\0004\000\040\000C\000o\000m\000p\000e\000n\000s\000a\000\347\000\343\000o\000\040\000p\000o\000r\000\040\000G\000r\000a\000v\000i\000d\000a\000d\000e}{section.19}% 23
\BOOKMARK [1][-]{section.51}{\376\377\0002\000.\0002\000\040\000C\000o\000n\000t\000r\000o\000l\000a\000d\000o\000r\000\040\000d\000e\000\040\000A\000l\000t\000o\000\040\000N\000\355\000v\000e\000l}{chapter.17}% 24
\BOOKMARK [0][-]{chapter.53}{\376\377\0003\000\040\000E\000x\000p\000e\000r\000i\000m\000e\000n\000t\000o\000s\000\040\000e\000\040\000R\000e\000s\000u\000l\000t\000a\000d\000o\000s}{}% 25
\BOOKMARK [1][-]{section.54}{\376\377\0003\000.\0001\000\040\000S\000i\000m\000u\000l\000a\000\347\000\365\000e\000s}{chapter.53}% 26
\BOOKMARK [1][-]{section.71}{\376\377\0003\000.\0002\000\040\000D\000i\000s\000c\000u\000s\000s\000\365\000e\000s\000\040\000e\000\040\000C\000o\000n\000c\000l\000u\000s\000\343\000o}{chapter.53}% 27
\BOOKMARK [0][-]{section.71}{\376\377\000R\000e\000f\000e\000r\000\352\000n\000c\000i\000a\000s}{}% 28
